// Jest Snapshot v1, https://goo.gl/fbAQLP

exports[`CryptoRankingItem tests Should <ExchangeItem /> renders correctly 1`] = `ShallowWrapper {}`;
