// Jest Snapshot v1, https://goo.gl/fbAQLP

exports[`CryptoRankingItem tests Should <CryptoRankingItem /> renders correctly 1`] = `ShallowWrapper {}`;
